For Windows 10/11
1. Download Zabbix Agent
https://www.zabbix.com/download_agents#tab:44

2.Installation Guide
https://www.zabbix.com/documentation/current/jp/manual/installation/install_from_packages/win_msi

3.「Management Tool」 → 「Service」

For Linux
1. Install Zabbix

https://www.zabbix.com/download?zabbix=7.4&os_distribution=ubuntu&os_version=20.04&components=proxy&db=mysql&ws=

root@LAPTOP-O72JMJD5:/home/awtest# lsb_release -a
No LSB modules are available.
Distributor ID: Ubuntu
Description:    Ubuntu 20.04.6 LTS
Release:        20.04
Codename:       focal

root@LAPTOP-O72JMJD5:/home/awtest# wget https://repo.zabbix.com/zabbix/7.4/release/ubuntu/pool/main/z/zabbix-release/zabbix-release_latest_7.4+ubuntu20.04_all.deb
--2026-01-02 07:36:54--  https://repo.zabbix.com/zabbix/7.4/release/ubuntu/pool/main/z/zabbix-release/zabbix-release_latest_7.4+ubuntu20.04_all.deb
Resolving repo.zabbix.com (repo.zabbix.com)... 178.128.6.101, 2604:a880:2:d0::2062:d001
Connecting to repo.zabbix.com (repo.zabbix.com)|178.128.6.101|:443... connected.
HTTP request sent, awaiting response... 200 OK
Length: 7336 (7.2K) [application/octet-stream]
Saving to: ‘zabbix-release_latest_7.4+ubuntu20.04_all.deb’

zabbix-release_latest_7.4+ubu 100%[=================================================>]   7.16K  --.-KB/s    in 0s

2026-01-02 07:36:55 (442 MB/s) - ‘zabbix-release_latest_7.4+ubuntu20.04_all.deb’ saved [7336/7336]

root@LAPTOP-O72JMJD5:/home/awtest# dpkg -i zabbix-release_latest_7.4+ubuntu20.04_all.deb
Selecting previously unselected package zabbix-release.
(Reading database ... 32981 files and directories currently installed.)
Preparing to unpack zabbix-release_latest_7.4+ubuntu20.04_all.deb ...
Unpacking zabbix-release (1:7.4-1+ubuntu20.04) ...
Setting up zabbix-release (1:7.4-1+ubuntu20.04) ...

root@LAPTOP-O72JMJD5:/home/awtest# apt update
E: Invalid value set for option Signed-By regarding source http://nginx.org/packages/mainline/ubuntu/ 'lsb_release (not a fingerprint)
E: Invalid value set for option Signed-By regarding source http://nginx.org/packages/mainline/ubuntu/ 'lsb_release (not a fingerprint)
E: The list of sources could not be read.
root@LAPTOP-O72JMJD5:/home/awtest# apt install zabbix-proxy-mysql zabbix-sql-scripts
E: Invalid value set for option Signed-By regarding source http://nginx.org/packages/mainline/ubuntu/ 'lsb_release (not a fingerprint)
E: Invalid value set for option Signed-By regarding source http://nginx.org/packages/mainline/ubuntu/ 'lsb_release (not a fingerprint)
E: The list of sources could not be read.
E: Invalid value set for option Signed-By regarding source http://nginx.org/packages/mainline/ubuntu/ 'lsb_release (not a fingerprint)
E: Invalid value set for option Signed-By regarding source http://nginx.org/packages/mainline/ubuntu/ 'lsb_release (not a fingerprint)
E: The list of sources could not be read.

========
Tried all steps from the post below but still did not work.
・https://discourse.ubuntu.com/t/conflicting-values-set-for-option-signed-by-regarding-source/67667
・https://askubuntu.com/questions/1156409/conflicting-values-set-for-option-signed-by-regarding-source
========

